"Amethyst Aura" "https://github.com/jackpawlik1/Amethyst-Aura"
"Another World" "https://github.com/cyb3rgh0u1/Another-World"
"Bad Blood" "https://github.com/HyDE-Project/hyde-gallery/tree/Bad-Blood"
"BlueSky" "https://github.com/richen604/BlueSky"
"Cat Latte" "https://github.com/rishav12s/Cat-Latte"
"Catppuccin Latte" "https://github.com/HyDE-Project/hyde-themes/tree/Catppuccin-Latte"
"Catppuccin Mocha" "https://github.com/HyDE-Project/hyde-themes/tree/Catppuccin-Mocha"
"Code Garden" "https://github.com/jacobfranco/Code-Garden"
"Cosmic Blue" "https://github.com/Maroc02/Cosmic-Blue"
"Crimson Blade" "https://github.com/cyb3rgh0u1/Crimson-Blade"
"Decay Green" "https://github.com/HyDE-Project/hyde-themes/tree/Decay-Green"
"DoomBringers" "https://github.com/xaicat/DoomBringers"
"Dracula" "https://github.com/RAprogramm/HyDe-Themes/tree/Dracula"
"Edge Runner" "https://github.com/HyDE-Project/hyde-themes/tree/Edge-Runner"
"Ever Blushing" "https://github.com/rishav12s/Ever-Blushing"
"Eternal Arctic" "https://github.com/rishav12s/Eternal-Arctic"
"Frosted Glass" "https://github.com/HyDE-Project/hyde-themes/tree/Frosted-Glass"
"Graphite Mono" "https://github.com/HyDE-Project/hyde-themes/tree/Graphite-Mono"
"Green Lush" "https://github.com/abenezerw/Green-Lush"
"Greenify" "https://github.com/mahaveergurjar/Theme-Gallery/tree/Greenify"
"Gruvbox Retro" "https://github.com/HyDE-Project/hyde-themes/tree/Gruvbox-Retro"
"Hack the Box" "https://github.com/HyDE-Project/hyde-gallery/tree/Hack-the-Box"
"Ice Age" "https://github.com/saber-88/Ice-Age"
"Mac OS" "https://github.com/HyDE-Project/hyde-gallery/tree/Mac-Os"
"Material Sakura" "https://github.com/HyDE-Project/hyde-themes/tree/Material-Sakura"
"Monokai" "https://github.com/mahaveergurjar/Theme-Gallery/tree/Monokai"
"Monterey Frost" "https://github.com/rishav12s/Monterey-Frost"
"Moonlight" "https://github.com/Maroc02/Moonlight"
"Nightbrew" "https://github.com/jackpawlik1/Nightbrew"
"Nordic Blue" "https://github.com/HyDE-Project/hyde-themes/tree/Nordic-Blue"
"One Dark" "https://github.com/RAprogramm/HyDe-Themes/tree/One-Dark"
"Oxo Carbon" "https://github.com/rishav12s/Oxo-Carbon"
"Paranoid Sweet" "https://github.com/rishav12s/Paranoid-Sweet"
"Pixel Dream" "https://github.com/rishav12s/Pixel-Dream"
"Rain Dark" "https://github.com/rishav12s/Rain-Dark"
"Red Stone" "https://github.com/mahaveergurjar/Theme-Gallery/tree/Red_Stone"
"Rosé Pine" "https://github.com/HyDE-Project/hyde-themes/tree/Rose-Pine"
"Scarlet Night" "https://github.com/abenezerw/Scarlet-Night"
"Sci-fi" "https://github.com/KaranRaval123/Sci-fi"
"Solarized Dark" "https://github.com/rishav12s/Solarized-Dark"
"Synth Wave" "https://github.com/HyDE-Project/hyde-themes/tree/Synth-Wave"
"Tokyo Night" "https://github.com/HyDE-Project/hyde-themes/tree/Tokyo-Night"
"Vanta Black" "https://github.com/rishav12s/Vanta-Black"
"Windows 11" "https://github.com/HyDE-Project/hyde-gallery/tree/Windows-11"