"Another World"     "https://github.com/cyb3rgh0u1/Another-World"
"Cat Latte"         "https://github.com/rishav12s/Cat-Latte"
"Catppuccin Latte"  "https://github.com/HyDE-Project/hyde-themes/tree/Catppuccin-Latte"
"Catppuccin Mocha"  "https://github.com/HyDE-Project/hyde-themes/tree/Catppuccin-Mocha"
"Code Garden"       "https://github.com/jacobfranco/Code-Garden"
"Cosmic Blue"       "https://github.com/Maroc02/Cosmic-Blue"
"Decay Green"       "https://github.com/HyDE-Project/hyde-themes/tree/Decay-Green"
"Dracula"           "https://github.com/RAprogramm/HyDe-Themes/tree/Dracula"
"Edge Runner"       "https://github.com/HyDE-Project/hyde-themes/tree/Edge-Runner"
"Eternal Arctic"    "https://github.com/rishav12s/Eternal-Arctic"
"Graphite Mono"     "https://github.com/HyDE-Project/hyde-themes/tree/Graphite-Mono"
"Gruvbox Retro"     "https://github.com/HyDE-Project/hyde-themes/tree/Gruvbox-Retro"
"Hack the Box"      "https://github.com/HyDE-Project/hyde-gallery/tree/Hack-the-Box"
"Nightbrew"         "https://github.com/jackpawlik1/Nightbrew"
"Oxo Carbon"        "https://github.com/rishav12s/Oxo-Carbon"
"Paranoid Sweet"    "https://github.com/rishav12s/Paranoid-Sweet"
"Pixel Dream"       "https://github.com/rishav12s/Pixel-Dream"
"Rain Dark"         "https://github.com/rishav12s/Rain-Dark"
"Red Stone"         "https://github.com/mahaveergurjar/Theme-Gallery/tree/Red_Stone"
"Rosé Pine"         "https://github.com/HyDE-Project/hyde-themes/tree/Rose-Pine"
"Scarlet Night"     "https://github.com/abenezerw/Scarlet-Night"
"Sci-fi"            "https://github.com/KaranRaval123/Sci-fi"
"Solarized Dark"    "https://github.com/rishav12s/Solarized-Dark"
"Tokyo Night"       "https://github.com/HyDE-Project/hyde-themes/tree/Tokyo-Night"
"Vanta Black"       "https://github.com/rishav12s/Vanta-Black"