"Another World"        "https://github.com/v0id-strike/HyDE-Gallery/tree/Another-World"
"Catppuccin Mocha"     "https://github.com/v0id-strike/HyDE-Gallery/tree/Catppuccin-Mocha"
"Cosmic Blue"          "https://github.com/v0id-strike/HyDE-Gallery/tree/Cosmic-Blue"
"Decay Green"          "https://github.com/v0id-strike/HyDE-Gallery/tree/Decay-Green"
"Gruvbox Retro"        "https://github.com/v0id-strike/HyDE-Gallery/tree/Gruvbox-Retro"

"NightBrew"            "https://github.com/v0id-strike/HyDE-Gallery/tree/NightBrew"
"Obsidian Purple"      "https://github.com/v0id-strike/HyDE-Gallery/tree/Obsidian-Purple"
"Oxo Carbon"           "https://github.com/v0id-strike/HyDE-Gallery/tree/Oxo-Carbon"
"Paranoid Sweet"       "https://github.com/v0id-strike/HyDE-Gallery/tree/Paranoid-Sweet"
"Piece of Mind"        "https://github.com/v0id-strike/HyDE-Gallery/tree/Piece-of-Mind"

"Pixel Dream"          "https://github.com/v0id-strike/HyDE-Gallery/tree/Pixel-Dream"
"Rain Dark"            "https://github.com/v0id-strike/HyDE-Gallery/tree/Rain-Dark"
"Red Stone"            "https://github.com/v0id-strike/HyDE-Gallery/tree/Red-Stone"
"Vanta Black"          "https://github.com/v0id-strike/HyDE-Gallery/tree/Vanta-Black"
"Virtual Witches"      "https://github.com/v0id-strike/HyDE-Gallery/tree/Virtual-Witches"